// Jest Snapshot v1, https://goo.gl/fbAQLP

exports[`render correctly 1`] = `
<View
  style={
    Object {
      "flexDirection": "row",
      "height": 28,
      "margin": 10,
    }
  }
/>
`;
